
/home/runner/work/exp-replay-attacks-au/exp-replay-attacks-au/experiment/simulation/js/245.45310c5f.js
  1:231  warning  'e' is defined but never used  no-unused-vars
  1:233  warning  'r' is defined but never used  no-unused-vars

/home/runner/work/exp-replay-attacks-au/exp-replay-attacks-au/experiment/simulation/js/432.b634f643.js
  1:7103   warning  'o' is defined but never used  no-unused-vars
  1:7105   warning  'r' is defined but never used  no-unused-vars
  1:7107   warning  'i' is defined but never used  no-unused-vars
  1:8281   warning  't' is defined but never used  no-unused-vars
  1:8283   warning  's' is defined but never used  no-unused-vars
  1:8285   warning  'o' is defined but never used  no-unused-vars
  1:8287   warning  'a' is defined but never used  no-unused-vars
  1:8289   warning  'r' is defined but never used  no-unused-vars
  1:12320  warning  'o' is defined but never used  no-unused-vars
  1:12322  warning  'r' is defined but never used  no-unused-vars
  1:12324  warning  'i' is defined but never used  no-unused-vars
  1:15514  warning  't' is defined but never used  no-unused-vars

/home/runner/work/exp-replay-attacks-au/exp-replay-attacks-au/experiment/simulation/js/app.9302ac37.js
  1:89    warning  'e' is defined but never used           no-unused-vars
  1:91    warning  'n' is defined but never used           no-unused-vars
  1:1874  warning  'u' is defined but never used           no-unused-vars
  1:4882  warning  'r' is assigned a value but never used  no-unused-vars

/home/runner/work/exp-replay-attacks-au/exp-replay-attacks-au/experiment/simulation/js/chunk-vendors.ad51167a.js
  1:1813   warning  Empty block statement                                                            no-empty
  1:3883   warning  Do not access Object.prototype method 'hasOwnProperty' from target object        no-prototype-builtins
  1:5407   warning  Do not access Object.prototype method 'propertyIsEnumerable' from target object  no-prototype-builtins
  1:6037   warning  'b.get' is assigned to itself                                                    no-self-assign
  1:6049   warning  'b.has' is assigned to itself                                                    no-self-assign
  1:6061   warning  'b.set' is assigned to itself                                                    no-self-assign
  1:8223   warning  Empty block statement                                                            no-empty
  1:9006   warning  Empty block statement                                                            no-empty
  1:9311   warning  Empty block statement                                                            no-empty
  1:13496  warning  'e' is defined but never used                                                    no-unused-vars
  1:13915  warning  'e' is defined but never used                                                    no-unused-vars
  1:16594  warning  't' is defined but never used                                                    no-unused-vars
  1:16694  warning  'i' is defined but never used                                                    no-unused-vars
  1:16696  warning  's' is defined but never used                                                    no-unused-vars
  1:17381  warning  't' is defined but never used                                                    no-unused-vars
  1:18063  warning  Do not access Object.prototype method 'hasOwnProperty' from target object        no-prototype-builtins
  1:19235  warning  'e' is defined but never used                                                    no-unused-vars
  1:19237  warning  't' is defined but never used                                                    no-unused-vars
  1:19265  warning  'e' is defined but never used                                                    no-unused-vars
  1:19267  warning  't' is defined but never used                                                    no-unused-vars
  1:20908  warning  't' is defined but never used                                                    no-unused-vars
  1:23004  warning  't' is defined but never used                                                    no-unused-vars
  1:25656  warning  'r' is assigned a value but never used                                           no-unused-vars
  1:26339  warning  'e' is defined but never used                                                    no-unused-vars
  1:28017  warning  'n' is defined but never used                                                    no-unused-vars
  1:30209  warning  'u' is assigned a value but never used                                           no-unused-vars
  1:30221  warning  'a' is assigned a value but never used                                           no-unused-vars
  1:32590  warning  'e' is assigned a value but never used                                           no-unused-vars
  1:35111  warning  'de' is defined but never used                                                   no-unused-vars
  1:35574  warning  'ye' is defined but never used                                                   no-unused-vars
  1:35625  warning  'be' is defined but never used                                                   no-unused-vars
  1:36640  warning  'n' is assigned a value but never used                                           no-unused-vars
  1:39716  warning  'b' is assigned a value but never used                                           no-unused-vars
  1:39744  warning  'w' is assigned a value but never used                                           no-unused-vars
  1:39892  warning  'T' is assigned a value but never used                                           no-unused-vars
  1:40349  warning  Setter cannot return a value                                                     no-setter-return
  1:40789  warning  Setter cannot return a value                                                     no-setter-return
  1:40949  warning  'n' is assigned a value but never used                                           no-unused-vars
  1:41189  warning  Setter cannot return a value                                                     no-setter-return
  1:45592  warning  'n' is defined but never used                                                    no-unused-vars
  1:63032  warning  'n' is defined but never used                                                    no-unused-vars
  1:65161  warning  Unexpected constant condition                                                    no-constant-condition
  1:66386  warning  'i' is defined but never used                                                    no-unused-vars
  1:67421  warning  Expected a conditional expression and instead saw an assignment                  no-cond-assign
  1:77960  warning  Do not access Object.prototype method 'hasOwnProperty' from target object        no-prototype-builtins
  1:77982  warning  Do not access Object.prototype method 'hasOwnProperty' from target object        no-prototype-builtins
  7:1877   warning  Unnecessary escape character: \/                                                 no-useless-escape
  7:3105   warning  't' is defined but never used                                                    no-unused-vars
  7:10477  warning  Empty block statement                                                            no-empty
  7:14583  warning  'i' is defined but never used                                                    no-unused-vars
  7:20039  warning  'e' is defined but never used                                                    no-unused-vars

✖ 69 problems (0 errors, 69 warnings)

